\BOOKMARK [1][-]{section.1}{\376\377\000I\000n\000t\000r\000o\000d\000u\000c\000t\000i\000o\000n}{}% 1
\BOOKMARK [1][-]{section.2}{\376\377\000A\000.\000\040\000R\000a\000n\000d\000o\000m\000\040\000n\000u\000m\000b\000e\000r\000\040\000g\000e\000n\000e\000r\000a\000t\000o\000r\000s}{}% 2
\BOOKMARK [2][-]{subsection.2.1}{\376\377\000E\000x\000e\000r\000c\000i\000s\000e\000\040\0001}{section.2}% 3
\BOOKMARK [2][-]{subsection.2.2}{\376\377\000E\000x\000e\000r\000c\000i\000s\000e\000\040\0002}{section.2}% 4
\BOOKMARK [1][-]{section.3}{\376\377\000B\000.\000\040\000G\000e\000n\000e\000r\000a\000t\000i\000o\000n\000\040\000o\000f\000\040\000r\000a\000n\000d\000o\000m\000\040\000v\000a\000r\000i\000a\000b\000l\000e\000s\000\040\000a\000n\000d\000\040\000s\000t\000o\000c\000h\000a\000s\000t\000i\000c\000\040\000p\000r\000o\000c\000e\000s\000s\000e\000s}{}% 5
\BOOKMARK [2][-]{subsection.3.1}{\376\377\000E\000x\000e\000r\000c\000i\000s\000e\000\040\0003}{section.3}% 6
\BOOKMARK [2][-]{subsection.3.2}{\376\377\000E\000x\000e\000r\000c\000i\000s\000e\000\040\0004}{section.3}% 7
\BOOKMARK [2][-]{subsection.3.3}{\376\377\000E\000x\000e\000r\000c\000i\000s\000e\000\040\0005}{section.3}% 8
\BOOKMARK [1][-]{section.4}{\376\377\000C\000.\000\040\000P\000r\000o\000g\000r\000a\000m\000m\000i\000n\000g\000\040\000d\000i\000s\000c\000r\000e\000t\000e\000\040\000e\000v\000e\000n\000t\000\040\000s\000i\000m\000u\000l\000a\000t\000o\000r\000s}{}% 9
\BOOKMARK [2][-]{subsection.4.1}{\376\377\000E\000x\000e\000r\000c\000i\000s\000e\000\040\0006}{section.4}% 10
\BOOKMARK [2][-]{subsection.4.2}{\376\377\000E\000x\000e\000r\000c\000i\000s\000e\000\040\0007}{section.4}% 11
\BOOKMARK [1][-]{section.5}{\376\377\000D\000.\000\040\000E\000s\000t\000i\000m\000a\000t\000i\000o\000n\000\040\000o\000f\000\040\000p\000r\000o\000b\000a\000b\000i\000l\000i\000t\000i\000e\000s}{}% 12
\BOOKMARK [2][-]{subsection.5.1}{\376\377\000E\000x\000e\000r\000c\000i\000s\000e\000\040\0008}{section.5}% 13
\BOOKMARK [1][-]{section.6}{\376\377\000E\000.\000\040\000R\000e\000v\000i\000s\000i\000o\000n\000s\000\040\000o\000f\000\040\000s\000t\000a\000t\000i\000s\000t\000i\000c\000s}{}% 14
\BOOKMARK [2][-]{subsection.6.1}{\376\377\000E\000x\000e\000r\000c\000i\000s\000e\000\040\0009}{section.6}% 15
\BOOKMARK [2][-]{subsection.6.2}{\376\377\000E\000x\000e\000r\000c\000i\000s\000e\000\040\0001\0000}{section.6}% 16
\BOOKMARK [2][-]{subsection.6.3}{\376\377\000E\000x\000e\000r\000c\000i\000s\000e\000\040\0001\0001}{section.6}% 17
\BOOKMARK [1][-]{section.7}{\376\377\000F\000.\000\040\000O\000u\000t\000p\000u\000t\000\040\000d\000a\000t\000a\000\040\000a\000n\000a\000l\000y\000s\000i\000s}{}% 18
\BOOKMARK [2][-]{subsection.7.1}{\376\377\000E\000x\000e\000r\000c\000i\000s\000e\000\040\0001\0002}{section.7}% 19
\BOOKMARK [2][-]{subsection.7.2}{\376\377\000E\000x\000e\000r\000c\000i\000s\000e\000\040\0001\0003}{section.7}% 20
\BOOKMARK [2][-]{subsection.7.3}{\376\377\000E\000x\000e\000r\000c\000i\000s\000e\000\040\0001\0004}{section.7}% 21
\BOOKMARK [1][-]{section.8}{\376\377\000C\000o\000n\000c\000l\000u\000s\000i\000o\000n}{}% 22
